button.c:13:6:ButtonInitKey	0	static
button.c:26:6:ButtonIdleRoutine	8	static
button.c:45:6:ButtonRegisterPressCallback	0	static
button.c:50:6:ButtonRegisterLongPressCallback	0	static
button.c:55:6:ButtonRegisterRepeatPressCallback	0	static
button.c:60:6:ButtonRegisterReleaseCallback	0	static
button.c:65:6:ButtonDebounceRoutine	8	static
button.c:87:6:ButtonPressedRoutine	8	static
button.c:108:6:ButtonRepeatRoutine	8	static
button.c:128:6:ButtonReleaseRoutine	8	static
button.c:139:6:ButtonTask	0	static
